---
source: crates/cli/tests/status.rs
expression: env
---
{
  "data": {
    "changes_count": {
      "archived": 0,
      "code_reviewing": 0,
      "in_progress": 0,
      "proposing": 0,
      "ready": 0,
      "reviewing": 0
    },
    "current_change": null,
    "discussions_count": {
      "active": 0,
      "converged": 0
    },
    "project_id": "<project_id>",
    "provider_type": "local",
    "schema_active": "spec-driven",
    "working_dir": "<working_dir>"
  },
  "ok": true,
  "requestId": "<requestId>",
  "warnings": []
}
